// Jest Snapshot v1, https://goo.gl/fbAQLP

exports[`Default component render and constructor call 1`] = `
<div>
  <div
    style={
      Object {
        "maxHeight": "300px",
        "overflowY": "auto",
      }
    }
  >
    <table
      className="table table-sm table-striped"
    >
      <thead
        className="thead thead-dark"
      >
        <tr>
          <th>
            Asset key
          </th>
          <th
            style={
              Object {
                "textAlign": "center",
              }
            }
          >
            Image
          </th>
        </tr>
      </thead>
      <tbody>
        <tr
          key="sample1.png"
        >
          <td
            style={
              Object {
                "verticalAlign": "middle",
              }
            }
          >
            sample1.png
          </td>
          <td
            style={
              Object {
                "textAlign": "center",
              }
            }
          >
            <img
              src="/ui_assets/sample1.png"
              style={
                Object {
                  "maxHeight": "100px",
                  "maxWidth": "100px",
                }
              }
            />
          </td>
        </tr>
        <tr
          key="sample2.png"
        >
          <td
            style={
              Object {
                "verticalAlign": "middle",
              }
            }
          >
            sample2.png
          </td>
          <td
            style={
              Object {
                "textAlign": "center",
              }
            }
          >
            <img
              src="/ui_assets/sample2.png"
              style={
                Object {
                  "maxHeight": "100px",
                  "maxWidth": "100px",
                }
              }
            />
          </td>
        </tr>
      </tbody>
    </table>
  </div>
  <hr />
  <h4>
    Upload a new file:
  </h4>
  <input
    onChange={[Function]}
    type="file"
  />
  <button
    className="btn btn-light"
    disabled={true}
    id="btnUploadAsset"
    onClick={[Function]}
  >
    Upload
  </button>
</div>
`;
