// Jest Snapshot v1, https://goo.gl/fbAQLP

exports[`Default Stylesheet component render 1`] = `
<div
  id="divStylesheetForm"
>
  <form>
    <div
      className="form-group row"
    >
      <label
        className="col-sm-4 col-form-label"
      >
        Value
      </label>
      <div
        className="col-sm-8"
      >
        <textarea
          className="form-control"
          onChange={[Function]}
          style={
            Object {
              "height": "350px",
            }
          }
        />
      </div>
    </div>
  </form>
  <button
    className="btn btn-primary float-right save-stylesheet"
    onClick={[Function]}
  >
    <i
      className="fa fa-save"
    />
    Save settings
  </button>
</div>
`;
