// Jest Snapshot v1, https://goo.gl/fbAQLP

exports[`Default component render 1`] = `
<div
  className="no-collapse"
  style={
    Object {
      "display": "flex",
      "flexDirection": "column",
      "height": "100%",
    }
  }
>
  <div
    style={
      Object {
        "flex": "1 1 auto",
      }
    }
  >
    <div
      className="form-group"
    >
      <label
        className="font-weight-bold"
      >
        Subject
      </label>
      <input
        className="form-control"
        name="subject"
        onChange={[Function]}
        type="text"
        value=""
      />
    </div>
    <div
      className="form-group"
    >
      <label
        className="font-weight-bold"
      >
        Message
      </label>
      <textarea
        className="form-control"
        name="message"
        onChange={[Function]}
        rows="9"
        value=""
      />
    </div>
    <div
      className="form-group"
    >
      <label
        className="font-weight-bold"
      >
        When should the messages broadcast?
      </label>
      <div
        className="row"
      >
        <div
          className="col-md-5"
        >
          <input
            className="form-control"
            name="startDate"
            onChange={[Function]}
            type="date"
            value=""
          />
        </div>
        <div
          className="col-md-1 pt-2 text-center"
        >
          to
        </div>
        <div
          className="col-md-5"
        >
          <input
            className="form-control"
            name="endDate"
            onChange={[Function]}
            type="date"
            value=""
          />
        </div>
      </div>
    </div>
  </div>
  <div
    style={
      Object {
        "flex": "0 0 auto",
      }
    }
  >
    <button
      className="btn btn-primary float-right"
      disabled={true}
      onClick={[Function]}
      type="button"
    >
      <i
        className="fa fa-save"
      />
        Save
    </button>
  </div>
</div>
`;
