// Jest Snapshot v1, https://goo.gl/fbAQLP

exports[`Component render - default and after clicking button 1`] = `
<div>
  <div
    id="divConfigurationWarning"
  >
    <div
      className="alert alert-danger"
    >
      <strong>
        Careful:
      </strong>
       These settings are intended to be changed by system administrators. Incorrect settings can cause the entire platform to stop working 
      <strong>
        for all users
      </strong>
      .
    </div>
    <button
      className="btn btn-block btn-danger"
      id="btnAcceptConfigurationWarning"
      onClick={[Function]}
    >
      I understand, take me to the configuration editor
    </button>
  </div>
</div>
`;

exports[`Component render - default and after clicking button 2`] = `
<div>
  <div
    id="divConfigurationForm"
  >
    <form>
      <div
        className="form-group row"
      >
        <label
          className="col-sm-4 col-form-label"
        >
          Configuration Type
        </label>
        <div
          className="col-sm-8"
        >
          <select
            className="form-control"
            id="selectConfigurationType"
            onChange={[Function]}
            value="locationCategories"
          >
            <option
              key="locationCategories"
              value="locationCategories"
            >
              locationCategories
            </option>
          </select>
        </div>
      </div>
      <div
        className="form-group row"
      >
        <label
          className="col-sm-4 col-form-label"
        >
          Value
        </label>
        <div
          className="col-sm-8"
        >
          <textarea
            className="form-control"
            onChange={[Function]}
            style={
              Object {
                "height": "350px",
              }
            }
            value="{
  \\"medium_business\\": {
    \\"label\\": \\"Medium businesses\\"
  }
}"
          />
        </div>
      </div>
    </form>
    <button
      className="btn btn-primary float-right"
      onClick={[Function]}
    >
      <i
        className="fa fa-save"
      />
      Save settings
    </button>
  </div>
</div>
`;
