// Jest Snapshot v1, https://goo.gl/fbAQLP

exports[`Default options render 1`] = `
<div
  className="p-2 m-2"
>
  <h4>
    Options
  </h4>
  <form
    className="d-flex flex-column rfp-options"
    onSubmit={[Function]}
    style={
      Object {
        "height": "100%",
      }
    }
  >
    <table
      className="table table-sm table-striped"
    >
      <tbody>
        <tr
          key="fiberRoutingMode"
        >
          <td>
            Fiber routing mode
          </td>
          <td>
            <Field
              className="form-control form-control-sm"
              component="select"
              id="field_fiberRoutingMode"
              name="fiberRoutingMode.value"
              type="text"
            >
              <option
                value="ROUTE_FROM_NODES"
              >
                Route from nodes
              </option>
              <option
                value="ROUTE_FROM_FIBER"
              >
                Route from fiber
              </option>
            </Field>
          </td>
        </tr>
      </tbody>
    </table>
  </form>
</div>
`;
