// Jest Snapshot v1, https://goo.gl/fbAQLP

exports[`Click to delete a target 1`] = `
<div
  className="m-2 p-2"
  style={
    Object {
      "borderTop": "solid 2px #eee",
    }
  }
>
  <h4>
    Targets
    <div
      className="float-right"
    >
      <Component />
      <button
        className="btn btn-sm btn-light"
        id="btnAddTargetManual"
        onClick={[Function]}
      >
        <i
          className="fas fa-pencil-alt"
        />
         Manual entry
      </button>
      <button
        className="btn btn-sm btn-light"
        id="btnClickMapToAddTarget"
        onClick={[Function]}
      >
        <i
          className="fas fa-bullseye"
        />
         Click map
      </button>
    </div>
  </h4>
  <div
    style={
      Object {
        "maxHeight": "300px",
        "overflowX": "hidden",
        "overflowY": "auto",
      }
    }
  >
    <table
      className="table table-sm table-striped"
      id="tblRfpTargets"
    >
      <thead
        className="thead thead-light"
      >
        <tr>
          <th>
            ID
          </th>
          <th>
            Latitude
          </th>
          <th>
            Longitude
          </th>
          <th
            style={
              Object {
                "width": "100px",
              }
            }
          >
            Actions
          </th>
        </tr>
      </thead>
      <tbody>
        <tr
          className="tr-rfp-target"
          id="trTarget_0"
          key="0"
          onClick={[Function]}
        >
          <td>
            1
          </td>
          <td>
            47.58444
          </td>
          <td>
            -122.33033
          </td>
          <td>
            <button
              className="btn btn-sm btn-light"
              id="btnEditTarget_0"
              onClick={[Function]}
            >
              <i
                className="fa fa-edit"
              />
            </button>
            <button
              className="btn btn-sm btn-danger"
              id="btnDeleteTarget_0"
              onClick={[Function]}
            >
              <i
                className="fa fa-trash-alt"
              />
            </button>
          </td>
        </tr>
        <tr
          className="tr-rfp-target"
          id="trTarget_1"
          key="1"
          onClick={[Function]}
        >
          <td>
            2
          </td>
          <td>
            47.59
          </td>
          <td>
            -122.34
          </td>
          <td>
            <button
              className="btn btn-sm btn-light"
              id="btnEditTarget_1"
              onClick={[Function]}
            >
              <i
                className="fa fa-edit"
              />
            </button>
            <button
              className="btn btn-sm btn-danger"
              id="btnDeleteTarget_1"
              onClick={[Function]}
            >
              <i
                className="fa fa-trash-alt"
              />
            </button>
          </td>
        </tr>
        <tr
          className="tr-rfp-target"
          id="trTarget_2"
          key="2"
          onClick={[Function]}
        >
          <td>
            3
          </td>
          <td>
            47.57
          </td>
          <td>
            -122.32
          </td>
          <td>
            <button
              className="btn btn-sm btn-light"
              id="btnEditTarget_2"
              onClick={[Function]}
            >
              <i
                className="fa fa-edit"
              />
            </button>
            <button
              className="btn btn-sm btn-danger"
              id="btnDeleteTarget_2"
              onClick={[Function]}
            >
              <i
                className="fa fa-trash-alt"
              />
            </button>
          </td>
        </tr>
      </tbody>
    </table>
  </div>
  <Component />
</div>
`;

exports[`Click to delete a target 2`] = `
<div
  className="m-2 p-2"
  style={
    Object {
      "borderTop": "solid 2px #eee",
    }
  }
>
  <h4>
    Targets
    <div
      className="float-right"
    >
      <Component />
      <button
        className="btn btn-sm btn-light"
        id="btnAddTargetManual"
        onClick={[Function]}
      >
        <i
          className="fas fa-pencil-alt"
        />
         Manual entry
      </button>
      <button
        className="btn btn-sm btn-light"
        id="btnClickMapToAddTarget"
        onClick={[Function]}
      >
        <i
          className="fas fa-bullseye"
        />
         Click map
      </button>
    </div>
  </h4>
  <div
    style={
      Object {
        "maxHeight": "300px",
        "overflowX": "hidden",
        "overflowY": "auto",
      }
    }
  >
    <table
      className="table table-sm table-striped"
      id="tblRfpTargets"
    >
      <thead
        className="thead thead-light"
      >
        <tr>
          <th>
            ID
          </th>
          <th>
            Latitude
          </th>
          <th>
            Longitude
          </th>
          <th
            style={
              Object {
                "width": "100px",
              }
            }
          >
            Actions
          </th>
        </tr>
      </thead>
      <tbody>
        <tr
          className="tr-rfp-target"
          id="trTarget_0"
          key="0"
          onClick={[Function]}
        >
          <td>
            1
          </td>
          <td>
            47.58444
          </td>
          <td>
            -122.33033
          </td>
          <td>
            <button
              className="btn btn-sm btn-light"
              id="btnEditTarget_0"
              onClick={[Function]}
            >
              <i
                className="fa fa-edit"
              />
            </button>
            <button
              className="btn btn-sm btn-danger"
              id="btnDeleteTarget_0"
              onClick={[Function]}
            >
              <i
                className="fa fa-trash-alt"
              />
            </button>
          </td>
        </tr>
        <tr
          className="tr-rfp-target"
          id="trTarget_1"
          key="1"
          onClick={[Function]}
        >
          <td>
            2
          </td>
          <td>
            47.59
          </td>
          <td>
            -122.34
          </td>
          <td>
            <button
              className="btn btn-sm btn-light"
              id="btnEditTarget_1"
              onClick={[Function]}
            >
              <i
                className="fa fa-edit"
              />
            </button>
            <button
              className="btn btn-sm btn-danger"
              id="btnDeleteTarget_1"
              onClick={[Function]}
            >
              <i
                className="fa fa-trash-alt"
              />
            </button>
          </td>
        </tr>
        <tr
          className="tr-rfp-target"
          id="trTarget_2"
          key="2"
          onClick={[Function]}
        >
          <td>
            3
          </td>
          <td>
            47.57
          </td>
          <td>
            -122.32
          </td>
          <td>
            <button
              className="btn btn-sm btn-light"
              id="btnEditTarget_2"
              onClick={[Function]}
            >
              <i
                className="fa fa-edit"
              />
            </button>
            <button
              className="btn btn-sm btn-danger"
              id="btnDeleteTarget_2"
              onClick={[Function]}
            >
              <i
                className="fa fa-trash-alt"
              />
            </button>
          </td>
        </tr>
      </tbody>
    </table>
  </div>
  <Component />
</div>
`;

exports[`Click to edit a target 1`] = `
<div
  className="m-2 p-2"
  style={
    Object {
      "borderTop": "solid 2px #eee",
    }
  }
>
  <h4>
    Targets
    <div
      className="float-right"
    >
      <Component />
      <button
        className="btn btn-sm btn-light"
        id="btnAddTargetManual"
        onClick={[Function]}
      >
        <i
          className="fas fa-pencil-alt"
        />
         Manual entry
      </button>
      <button
        className="btn btn-sm btn-light"
        id="btnClickMapToAddTarget"
        onClick={[Function]}
      >
        <i
          className="fas fa-bullseye"
        />
         Click map
      </button>
    </div>
  </h4>
  <div
    style={
      Object {
        "maxHeight": "300px",
        "overflowX": "hidden",
        "overflowY": "auto",
      }
    }
  >
    <table
      className="table table-sm table-striped"
      id="tblRfpTargets"
    >
      <thead
        className="thead thead-light"
      >
        <tr>
          <th>
            ID
          </th>
          <th>
            Latitude
          </th>
          <th>
            Longitude
          </th>
          <th
            style={
              Object {
                "width": "100px",
              }
            }
          >
            Actions
          </th>
        </tr>
      </thead>
      <tbody>
        <tr
          className="tr-rfp-target"
          id="trTarget_0"
          key="0"
          onClick={[Function]}
        >
          <td>
            1
          </td>
          <td>
            47.58444
          </td>
          <td>
            -122.33033
          </td>
          <td>
            <button
              className="btn btn-sm btn-light"
              id="btnEditTarget_0"
              onClick={[Function]}
            >
              <i
                className="fa fa-edit"
              />
            </button>
            <button
              className="btn btn-sm btn-danger"
              id="btnDeleteTarget_0"
              onClick={[Function]}
            >
              <i
                className="fa fa-trash-alt"
              />
            </button>
          </td>
        </tr>
        <tr
          className="tr-rfp-target"
          id="trTarget_1"
          key="1"
          onClick={[Function]}
        >
          <td>
            2
          </td>
          <td>
            47.59
          </td>
          <td>
            -122.34
          </td>
          <td>
            <button
              className="btn btn-sm btn-light"
              id="btnEditTarget_1"
              onClick={[Function]}
            >
              <i
                className="fa fa-edit"
              />
            </button>
            <button
              className="btn btn-sm btn-danger"
              id="btnDeleteTarget_1"
              onClick={[Function]}
            >
              <i
                className="fa fa-trash-alt"
              />
            </button>
          </td>
        </tr>
        <tr
          className="tr-rfp-target"
          id="trTarget_2"
          key="2"
          onClick={[Function]}
        >
          <td>
            3
          </td>
          <td>
            47.57
          </td>
          <td>
            -122.32
          </td>
          <td>
            <button
              className="btn btn-sm btn-light"
              id="btnEditTarget_2"
              onClick={[Function]}
            >
              <i
                className="fa fa-edit"
              />
            </button>
            <button
              className="btn btn-sm btn-danger"
              id="btnDeleteTarget_2"
              onClick={[Function]}
            >
              <i
                className="fa fa-trash-alt"
              />
            </button>
          </td>
        </tr>
      </tbody>
    </table>
  </div>
  <Component />
</div>
`;

exports[`Click to edit a target 2`] = `
<div
  className="m-2 p-2"
  style={
    Object {
      "borderTop": "solid 2px #eee",
    }
  }
>
  <h4>
    Targets
    <div
      className="float-right"
    >
      <Component />
      <button
        className="btn btn-sm btn-light"
        id="btnAddTargetManual"
        onClick={[Function]}
      >
        <i
          className="fas fa-pencil-alt"
        />
         Manual entry
      </button>
      <button
        className="btn btn-sm btn-light"
        id="btnClickMapToAddTarget"
        onClick={[Function]}
      >
        <i
          className="fas fa-bullseye"
        />
         Click map
      </button>
    </div>
  </h4>
  <div
    style={
      Object {
        "maxHeight": "300px",
        "overflowX": "hidden",
        "overflowY": "auto",
      }
    }
  >
    <table
      className="table table-sm table-striped"
      id="tblRfpTargets"
    >
      <thead
        className="thead thead-light"
      >
        <tr>
          <th>
            ID
          </th>
          <th>
            Latitude
          </th>
          <th>
            Longitude
          </th>
          <th
            style={
              Object {
                "width": "100px",
              }
            }
          >
            Actions
          </th>
        </tr>
      </thead>
      <tbody>
        <tr
          className="tr-rfp-target"
          id="trTarget_0"
          key="0"
          onClick={[Function]}
        >
          <td>
            <input
              className="form-control form-control-sm"
              id="inpTargetId_0"
              onChange={[Function]}
              type="text"
              value="1"
            />
          </td>
          <td>
            <input
              className="form-control form-control-sm"
              id="inpTargetLatitude_0"
              onChange={[Function]}
              type="text"
              value={47.58444322}
            />
          </td>
          <td>
            <input
              className="form-control form-control-sm"
              id="inpTargetLongitude_0"
              onChange={[Function]}
              type="text"
              value={-122.33033}
            />
          </td>
          <td>
            <button
              className="btn btn-sm btn-light"
              id="btnSaveTarget_0"
              onClick={[Function]}
            >
              <i
                className="fa fa-save"
              />
            </button>
            <button
              className="btn btn-sm btn-light"
              id="btnCancelEditTarget_0"
              onClick={[Function]}
            >
              Cancel
            </button>
          </td>
        </tr>
        <tr
          className="tr-rfp-target"
          id="trTarget_1"
          key="1"
          onClick={[Function]}
        >
          <td>
            2
          </td>
          <td>
            47.59
          </td>
          <td>
            -122.34
          </td>
          <td>
            <button
              className="btn btn-sm btn-light"
              id="btnEditTarget_1"
              onClick={[Function]}
            >
              <i
                className="fa fa-edit"
              />
            </button>
            <button
              className="btn btn-sm btn-danger"
              id="btnDeleteTarget_1"
              onClick={[Function]}
            >
              <i
                className="fa fa-trash-alt"
              />
            </button>
          </td>
        </tr>
        <tr
          className="tr-rfp-target"
          id="trTarget_2"
          key="2"
          onClick={[Function]}
        >
          <td>
            3
          </td>
          <td>
            47.57
          </td>
          <td>
            -122.32
          </td>
          <td>
            <button
              className="btn btn-sm btn-light"
              id="btnEditTarget_2"
              onClick={[Function]}
            >
              <i
                className="fa fa-edit"
              />
            </button>
            <button
              className="btn btn-sm btn-danger"
              id="btnDeleteTarget_2"
              onClick={[Function]}
            >
              <i
                className="fa fa-trash-alt"
              />
            </button>
          </td>
        </tr>
      </tbody>
    </table>
  </div>
  <Component />
</div>
`;

exports[`Click to edit a target 3`] = `
<div
  className="m-2 p-2"
  style={
    Object {
      "borderTop": "solid 2px #eee",
    }
  }
>
  <h4>
    Targets
    <div
      className="float-right"
    >
      <Component />
      <button
        className="btn btn-sm btn-light"
        id="btnAddTargetManual"
        onClick={[Function]}
      >
        <i
          className="fas fa-pencil-alt"
        />
         Manual entry
      </button>
      <button
        className="btn btn-sm btn-light"
        id="btnClickMapToAddTarget"
        onClick={[Function]}
      >
        <i
          className="fas fa-bullseye"
        />
         Click map
      </button>
    </div>
  </h4>
  <div
    style={
      Object {
        "maxHeight": "300px",
        "overflowX": "hidden",
        "overflowY": "auto",
      }
    }
  >
    <table
      className="table table-sm table-striped"
      id="tblRfpTargets"
    >
      <thead
        className="thead thead-light"
      >
        <tr>
          <th>
            ID
          </th>
          <th>
            Latitude
          </th>
          <th>
            Longitude
          </th>
          <th
            style={
              Object {
                "width": "100px",
              }
            }
          >
            Actions
          </th>
        </tr>
      </thead>
      <tbody>
        <tr
          className="tr-rfp-target"
          id="trTarget_0"
          key="0"
          onClick={[Function]}
        >
          <td>
            <input
              className="form-control form-control-sm"
              id="inpTargetId_0"
              onChange={[Function]}
              type="text"
              value="1"
            />
          </td>
          <td>
            <input
              className="form-control form-control-sm"
              id="inpTargetLatitude_0"
              onChange={[Function]}
              type="text"
              value="47.11111"
            />
          </td>
          <td>
            <input
              className="form-control form-control-sm"
              id="inpTargetLongitude_0"
              onChange={[Function]}
              type="text"
              value="-122.33333"
            />
          </td>
          <td>
            <button
              className="btn btn-sm btn-light"
              id="btnSaveTarget_0"
              onClick={[Function]}
            >
              <i
                className="fa fa-save"
              />
            </button>
            <button
              className="btn btn-sm btn-light"
              id="btnCancelEditTarget_0"
              onClick={[Function]}
            >
              Cancel
            </button>
          </td>
        </tr>
        <tr
          className="tr-rfp-target"
          id="trTarget_1"
          key="1"
          onClick={[Function]}
        >
          <td>
            2
          </td>
          <td>
            47.59
          </td>
          <td>
            -122.34
          </td>
          <td>
            <button
              className="btn btn-sm btn-light"
              id="btnEditTarget_1"
              onClick={[Function]}
            >
              <i
                className="fa fa-edit"
              />
            </button>
            <button
              className="btn btn-sm btn-danger"
              id="btnDeleteTarget_1"
              onClick={[Function]}
            >
              <i
                className="fa fa-trash-alt"
              />
            </button>
          </td>
        </tr>
        <tr
          className="tr-rfp-target"
          id="trTarget_2"
          key="2"
          onClick={[Function]}
        >
          <td>
            3
          </td>
          <td>
            47.57
          </td>
          <td>
            -122.32
          </td>
          <td>
            <button
              className="btn btn-sm btn-light"
              id="btnEditTarget_2"
              onClick={[Function]}
            >
              <i
                className="fa fa-edit"
              />
            </button>
            <button
              className="btn btn-sm btn-danger"
              id="btnDeleteTarget_2"
              onClick={[Function]}
            >
              <i
                className="fa fa-trash-alt"
              />
            </button>
          </td>
        </tr>
      </tbody>
    </table>
  </div>
  <Component />
</div>
`;

exports[`Click to edit a target 4`] = `
<div
  className="m-2 p-2"
  style={
    Object {
      "borderTop": "solid 2px #eee",
    }
  }
>
  <h4>
    Targets
    <div
      className="float-right"
    >
      <Component />
      <button
        className="btn btn-sm btn-light"
        id="btnAddTargetManual"
        onClick={[Function]}
      >
        <i
          className="fas fa-pencil-alt"
        />
         Manual entry
      </button>
      <button
        className="btn btn-sm btn-light"
        id="btnClickMapToAddTarget"
        onClick={[Function]}
      >
        <i
          className="fas fa-bullseye"
        />
         Click map
      </button>
    </div>
  </h4>
  <div
    style={
      Object {
        "maxHeight": "300px",
        "overflowX": "hidden",
        "overflowY": "auto",
      }
    }
  >
    <table
      className="table table-sm table-striped"
      id="tblRfpTargets"
    >
      <thead
        className="thead thead-light"
      >
        <tr>
          <th>
            ID
          </th>
          <th>
            Latitude
          </th>
          <th>
            Longitude
          </th>
          <th
            style={
              Object {
                "width": "100px",
              }
            }
          >
            Actions
          </th>
        </tr>
      </thead>
      <tbody>
        <tr
          className="tr-rfp-target"
          id="trTarget_0"
          key="0"
          onClick={[Function]}
        >
          <td>
            1
          </td>
          <td>
            47.58444
          </td>
          <td>
            -122.33033
          </td>
          <td>
            <button
              className="btn btn-sm btn-light"
              id="btnEditTarget_0"
              onClick={[Function]}
            >
              <i
                className="fa fa-edit"
              />
            </button>
            <button
              className="btn btn-sm btn-danger"
              id="btnDeleteTarget_0"
              onClick={[Function]}
            >
              <i
                className="fa fa-trash-alt"
              />
            </button>
          </td>
        </tr>
        <tr
          className="tr-rfp-target"
          id="trTarget_1"
          key="1"
          onClick={[Function]}
        >
          <td>
            2
          </td>
          <td>
            47.59
          </td>
          <td>
            -122.34
          </td>
          <td>
            <button
              className="btn btn-sm btn-light"
              id="btnEditTarget_1"
              onClick={[Function]}
            >
              <i
                className="fa fa-edit"
              />
            </button>
            <button
              className="btn btn-sm btn-danger"
              id="btnDeleteTarget_1"
              onClick={[Function]}
            >
              <i
                className="fa fa-trash-alt"
              />
            </button>
          </td>
        </tr>
        <tr
          className="tr-rfp-target"
          id="trTarget_2"
          key="2"
          onClick={[Function]}
        >
          <td>
            3
          </td>
          <td>
            47.57
          </td>
          <td>
            -122.32
          </td>
          <td>
            <button
              className="btn btn-sm btn-light"
              id="btnEditTarget_2"
              onClick={[Function]}
            >
              <i
                className="fa fa-edit"
              />
            </button>
            <button
              className="btn btn-sm btn-danger"
              id="btnDeleteTarget_2"
              onClick={[Function]}
            >
              <i
                className="fa fa-trash-alt"
              />
            </button>
          </td>
        </tr>
      </tbody>
    </table>
  </div>
  <Component />
</div>
`;

exports[`Click to manually add a target 1`] = `
<div
  className="m-2 p-2"
  style={
    Object {
      "borderTop": "solid 2px #eee",
    }
  }
>
  <h4>
    Targets
    <div
      className="float-right"
    >
      <Component />
      <button
        className="btn btn-sm btn-light"
        id="btnAddTargetManual"
        onClick={[Function]}
      >
        <i
          className="fas fa-pencil-alt"
        />
         Manual entry
      </button>
      <button
        className="btn btn-sm btn-light"
        id="btnClickMapToAddTarget"
        onClick={[Function]}
      >
        <i
          className="fas fa-bullseye"
        />
         Click map
      </button>
    </div>
  </h4>
  <div
    style={
      Object {
        "maxHeight": "300px",
        "overflowX": "hidden",
        "overflowY": "auto",
      }
    }
  >
    <table
      className="table table-sm table-striped"
      id="tblRfpTargets"
    >
      <thead
        className="thead thead-light"
      >
        <tr>
          <th>
            ID
          </th>
          <th>
            Latitude
          </th>
          <th>
            Longitude
          </th>
          <th
            style={
              Object {
                "width": "100px",
              }
            }
          >
            Actions
          </th>
        </tr>
      </thead>
      <tbody>
        <tr
          className="tr-rfp-target"
          id="trTarget_0"
          key="0"
          onClick={[Function]}
        >
          <td>
            1
          </td>
          <td>
            47.58444
          </td>
          <td>
            -122.33033
          </td>
          <td>
            <button
              className="btn btn-sm btn-light"
              id="btnEditTarget_0"
              onClick={[Function]}
            >
              <i
                className="fa fa-edit"
              />
            </button>
            <button
              className="btn btn-sm btn-danger"
              id="btnDeleteTarget_0"
              onClick={[Function]}
            >
              <i
                className="fa fa-trash-alt"
              />
            </button>
          </td>
        </tr>
        <tr
          className="tr-rfp-target"
          id="trTarget_1"
          key="1"
          onClick={[Function]}
        >
          <td>
            2
          </td>
          <td>
            47.59
          </td>
          <td>
            -122.34
          </td>
          <td>
            <button
              className="btn btn-sm btn-light"
              id="btnEditTarget_1"
              onClick={[Function]}
            >
              <i
                className="fa fa-edit"
              />
            </button>
            <button
              className="btn btn-sm btn-danger"
              id="btnDeleteTarget_1"
              onClick={[Function]}
            >
              <i
                className="fa fa-trash-alt"
              />
            </button>
          </td>
        </tr>
        <tr
          className="tr-rfp-target"
          id="trTarget_2"
          key="2"
          onClick={[Function]}
        >
          <td>
            3
          </td>
          <td>
            47.57
          </td>
          <td>
            -122.32
          </td>
          <td>
            <button
              className="btn btn-sm btn-light"
              id="btnEditTarget_2"
              onClick={[Function]}
            >
              <i
                className="fa fa-edit"
              />
            </button>
            <button
              className="btn btn-sm btn-danger"
              id="btnDeleteTarget_2"
              onClick={[Function]}
            >
              <i
                className="fa fa-trash-alt"
              />
            </button>
          </td>
        </tr>
      </tbody>
    </table>
  </div>
  <Component />
</div>
`;

exports[`Click to manually add a target 2`] = `
<div
  className="m-2 p-2"
  style={
    Object {
      "borderTop": "solid 2px #eee",
    }
  }
>
  <h4>
    Targets
  </h4>
  <div
    style={
      Object {
        "maxHeight": "300px",
        "overflowX": "hidden",
        "overflowY": "auto",
      }
    }
  >
    <table
      className="table table-sm table-striped"
      id="tblRfpTargets"
    >
      <thead
        className="thead thead-light"
      >
        <tr>
          <th>
            ID
          </th>
          <th>
            Latitude
          </th>
          <th>
            Longitude
          </th>
          <th
            style={
              Object {
                "width": "100px",
              }
            }
          >
            Actions
          </th>
        </tr>
      </thead>
      <tbody>
        <tr
          className="tr-rfp-target"
          id="trTarget_0"
          key="0"
          onClick={[Function]}
        >
          <td>
            1
          </td>
          <td>
            47.58444
          </td>
          <td>
            -122.33033
          </td>
          <td>
            <button
              className="btn btn-sm btn-light"
              id="btnEditTarget_0"
              onClick={[Function]}
            >
              <i
                className="fa fa-edit"
              />
            </button>
            <button
              className="btn btn-sm btn-danger"
              id="btnDeleteTarget_0"
              onClick={[Function]}
            >
              <i
                className="fa fa-trash-alt"
              />
            </button>
          </td>
        </tr>
        <tr
          className="tr-rfp-target"
          id="trTarget_1"
          key="1"
          onClick={[Function]}
        >
          <td>
            2
          </td>
          <td>
            47.59
          </td>
          <td>
            -122.34
          </td>
          <td>
            <button
              className="btn btn-sm btn-light"
              id="btnEditTarget_1"
              onClick={[Function]}
            >
              <i
                className="fa fa-edit"
              />
            </button>
            <button
              className="btn btn-sm btn-danger"
              id="btnDeleteTarget_1"
              onClick={[Function]}
            >
              <i
                className="fa fa-trash-alt"
              />
            </button>
          </td>
        </tr>
        <tr
          className="tr-rfp-target"
          id="trTarget_2"
          key="2"
          onClick={[Function]}
        >
          <td>
            3
          </td>
          <td>
            47.57
          </td>
          <td>
            -122.32
          </td>
          <td>
            <button
              className="btn btn-sm btn-light"
              id="btnEditTarget_2"
              onClick={[Function]}
            >
              <i
                className="fa fa-edit"
              />
            </button>
            <button
              className="btn btn-sm btn-danger"
              id="btnDeleteTarget_2"
              onClick={[Function]}
            >
              <i
                className="fa fa-trash-alt"
              />
            </button>
          </td>
        </tr>
        <tr>
          <td>
            <input
              className="form-control"
              id="txtNewTargetId"
              onChange={[Function]}
              type="text"
              value="4"
            />
          </td>
          <td>
            <input
              className="form-control"
              onChange={[Function]}
              type="text"
              value={47.877}
            />
          </td>
          <td>
            <input
              className="form-control"
              onChange={[Function]}
              type="text"
              value={-122.235}
            />
          </td>
          <td>
            <button
              className="btn btn-sm btn-primary"
              id="btnSaveTarget"
              onClick={[Function]}
            >
              Save
            </button>
          </td>
        </tr>
      </tbody>
    </table>
  </div>
  <Component />
</div>
`;

exports[`Click to manually add a target 3`] = `
<div
  className="m-2 p-2"
  style={
    Object {
      "borderTop": "solid 2px #eee",
    }
  }
>
  <h4>
    Targets
    <div
      className="float-right"
    >
      <Component />
      <button
        className="btn btn-sm btn-light"
        id="btnAddTargetManual"
        onClick={[Function]}
      >
        <i
          className="fas fa-pencil-alt"
        />
         Manual entry
      </button>
      <button
        className="btn btn-sm btn-light"
        id="btnClickMapToAddTarget"
        onClick={[Function]}
      >
        <i
          className="fas fa-bullseye"
        />
         Click map
      </button>
    </div>
  </h4>
  <div
    style={
      Object {
        "maxHeight": "300px",
        "overflowX": "hidden",
        "overflowY": "auto",
      }
    }
  >
    <table
      className="table table-sm table-striped"
      id="tblRfpTargets"
    >
      <thead
        className="thead thead-light"
      >
        <tr>
          <th>
            ID
          </th>
          <th>
            Latitude
          </th>
          <th>
            Longitude
          </th>
          <th
            style={
              Object {
                "width": "100px",
              }
            }
          >
            Actions
          </th>
        </tr>
      </thead>
      <tbody>
        <tr
          className="tr-rfp-target"
          id="trTarget_0"
          key="0"
          onClick={[Function]}
        >
          <td>
            1
          </td>
          <td>
            47.58444
          </td>
          <td>
            -122.33033
          </td>
          <td>
            <button
              className="btn btn-sm btn-light"
              id="btnEditTarget_0"
              onClick={[Function]}
            >
              <i
                className="fa fa-edit"
              />
            </button>
            <button
              className="btn btn-sm btn-danger"
              id="btnDeleteTarget_0"
              onClick={[Function]}
            >
              <i
                className="fa fa-trash-alt"
              />
            </button>
          </td>
        </tr>
        <tr
          className="tr-rfp-target"
          id="trTarget_1"
          key="1"
          onClick={[Function]}
        >
          <td>
            2
          </td>
          <td>
            47.59
          </td>
          <td>
            -122.34
          </td>
          <td>
            <button
              className="btn btn-sm btn-light"
              id="btnEditTarget_1"
              onClick={[Function]}
            >
              <i
                className="fa fa-edit"
              />
            </button>
            <button
              className="btn btn-sm btn-danger"
              id="btnDeleteTarget_1"
              onClick={[Function]}
            >
              <i
                className="fa fa-trash-alt"
              />
            </button>
          </td>
        </tr>
        <tr
          className="tr-rfp-target"
          id="trTarget_2"
          key="2"
          onClick={[Function]}
        >
          <td>
            3
          </td>
          <td>
            47.57
          </td>
          <td>
            -122.32
          </td>
          <td>
            <button
              className="btn btn-sm btn-light"
              id="btnEditTarget_2"
              onClick={[Function]}
            >
              <i
                className="fa fa-edit"
              />
            </button>
            <button
              className="btn btn-sm btn-danger"
              id="btnDeleteTarget_2"
              onClick={[Function]}
            >
              <i
                className="fa fa-trash-alt"
              />
            </button>
          </td>
        </tr>
      </tbody>
    </table>
  </div>
  <Component />
</div>
`;

exports[`Click to select a target 1`] = `
<div
  className="m-2 p-2"
  style={
    Object {
      "borderTop": "solid 2px #eee",
    }
  }
>
  <h4>
    Targets
    <div
      className="float-right"
    >
      <Component />
      <button
        className="btn btn-sm btn-light"
        id="btnAddTargetManual"
        onClick={[Function]}
      >
        <i
          className="fas fa-pencil-alt"
        />
         Manual entry
      </button>
      <button
        className="btn btn-sm btn-light"
        id="btnClickMapToAddTarget"
        onClick={[Function]}
      >
        <i
          className="fas fa-bullseye"
        />
         Click map
      </button>
    </div>
  </h4>
  <div
    style={
      Object {
        "maxHeight": "300px",
        "overflowX": "hidden",
        "overflowY": "auto",
      }
    }
  >
    <table
      className="table table-sm table-striped"
      id="tblRfpTargets"
    >
      <thead
        className="thead thead-light"
      >
        <tr>
          <th>
            ID
          </th>
          <th>
            Latitude
          </th>
          <th>
            Longitude
          </th>
          <th
            style={
              Object {
                "width": "100px",
              }
            }
          >
            Actions
          </th>
        </tr>
      </thead>
      <tbody>
        <tr
          className="tr-rfp-target"
          id="trTarget_0"
          key="0"
          onClick={[Function]}
        >
          <td>
            1
          </td>
          <td>
            47.58444
          </td>
          <td>
            -122.33033
          </td>
          <td>
            <button
              className="btn btn-sm btn-light"
              id="btnEditTarget_0"
              onClick={[Function]}
            >
              <i
                className="fa fa-edit"
              />
            </button>
            <button
              className="btn btn-sm btn-danger"
              id="btnDeleteTarget_0"
              onClick={[Function]}
            >
              <i
                className="fa fa-trash-alt"
              />
            </button>
          </td>
        </tr>
        <tr
          className="tr-rfp-target"
          id="trTarget_1"
          key="1"
          onClick={[Function]}
        >
          <td>
            2
          </td>
          <td>
            47.59
          </td>
          <td>
            -122.34
          </td>
          <td>
            <button
              className="btn btn-sm btn-light"
              id="btnEditTarget_1"
              onClick={[Function]}
            >
              <i
                className="fa fa-edit"
              />
            </button>
            <button
              className="btn btn-sm btn-danger"
              id="btnDeleteTarget_1"
              onClick={[Function]}
            >
              <i
                className="fa fa-trash-alt"
              />
            </button>
          </td>
        </tr>
        <tr
          className="tr-rfp-target"
          id="trTarget_2"
          key="2"
          onClick={[Function]}
        >
          <td>
            3
          </td>
          <td>
            47.57
          </td>
          <td>
            -122.32
          </td>
          <td>
            <button
              className="btn btn-sm btn-light"
              id="btnEditTarget_2"
              onClick={[Function]}
            >
              <i
                className="fa fa-edit"
              />
            </button>
            <button
              className="btn btn-sm btn-danger"
              id="btnDeleteTarget_2"
              onClick={[Function]}
            >
              <i
                className="fa fa-trash-alt"
              />
            </button>
          </td>
        </tr>
      </tbody>
    </table>
  </div>
  <Component />
</div>
`;

exports[`Click to select a target 2`] = `
<div
  className="m-2 p-2"
  style={
    Object {
      "borderTop": "solid 2px #eee",
    }
  }
>
  <h4>
    Targets
    <div
      className="float-right"
    >
      <Component />
      <button
        className="btn btn-sm btn-light"
        id="btnAddTargetManual"
        onClick={[Function]}
      >
        <i
          className="fas fa-pencil-alt"
        />
         Manual entry
      </button>
      <button
        className="btn btn-sm btn-light"
        id="btnClickMapToAddTarget"
        onClick={[Function]}
      >
        <i
          className="fas fa-bullseye"
        />
         Click map
      </button>
    </div>
  </h4>
  <div
    style={
      Object {
        "maxHeight": "300px",
        "overflowX": "hidden",
        "overflowY": "auto",
      }
    }
  >
    <table
      className="table table-sm table-striped"
      id="tblRfpTargets"
    >
      <thead
        className="thead thead-light"
      >
        <tr>
          <th>
            ID
          </th>
          <th>
            Latitude
          </th>
          <th>
            Longitude
          </th>
          <th
            style={
              Object {
                "width": "100px",
              }
            }
          >
            Actions
          </th>
        </tr>
      </thead>
      <tbody>
        <tr
          className="tr-rfp-target"
          id="trTarget_0"
          key="0"
          onClick={[Function]}
        >
          <td>
            1
          </td>
          <td>
            47.58444
          </td>
          <td>
            -122.33033
          </td>
          <td>
            <button
              className="btn btn-sm btn-light"
              id="btnEditTarget_0"
              onClick={[Function]}
            >
              <i
                className="fa fa-edit"
              />
            </button>
            <button
              className="btn btn-sm btn-danger"
              id="btnDeleteTarget_0"
              onClick={[Function]}
            >
              <i
                className="fa fa-trash-alt"
              />
            </button>
          </td>
        </tr>
        <tr
          className="tr-rfp-target"
          id="trTarget_1"
          key="1"
          onClick={[Function]}
        >
          <td>
            2
          </td>
          <td>
            47.59
          </td>
          <td>
            -122.34
          </td>
          <td>
            <button
              className="btn btn-sm btn-light"
              id="btnEditTarget_1"
              onClick={[Function]}
            >
              <i
                className="fa fa-edit"
              />
            </button>
            <button
              className="btn btn-sm btn-danger"
              id="btnDeleteTarget_1"
              onClick={[Function]}
            >
              <i
                className="fa fa-trash-alt"
              />
            </button>
          </td>
        </tr>
        <tr
          className="tr-rfp-target"
          id="trTarget_2"
          key="2"
          onClick={[Function]}
        >
          <td>
            3
          </td>
          <td>
            47.57
          </td>
          <td>
            -122.32
          </td>
          <td>
            <button
              className="btn btn-sm btn-light"
              id="btnEditTarget_2"
              onClick={[Function]}
            >
              <i
                className="fa fa-edit"
              />
            </button>
            <button
              className="btn btn-sm btn-danger"
              id="btnDeleteTarget_2"
              onClick={[Function]}
            >
              <i
                className="fa fa-trash-alt"
              />
            </button>
          </td>
        </tr>
      </tbody>
    </table>
  </div>
  <Component />
</div>
`;

exports[`Disable existing target save button for duplicate target id 1`] = `
<div
  className="m-2 p-2"
  style={
    Object {
      "borderTop": "solid 2px #eee",
    }
  }
>
  <h4>
    Targets
    <div
      className="float-right"
    >
      <Component />
      <button
        className="btn btn-sm btn-light"
        id="btnAddTargetManual"
        onClick={[Function]}
      >
        <i
          className="fas fa-pencil-alt"
        />
         Manual entry
      </button>
      <button
        className="btn btn-sm btn-light"
        id="btnClickMapToAddTarget"
        onClick={[Function]}
      >
        <i
          className="fas fa-bullseye"
        />
         Click map
      </button>
    </div>
  </h4>
  <div
    style={
      Object {
        "maxHeight": "300px",
        "overflowX": "hidden",
        "overflowY": "auto",
      }
    }
  >
    <table
      className="table table-sm table-striped"
      id="tblRfpTargets"
    >
      <thead
        className="thead thead-light"
      >
        <tr>
          <th>
            ID
          </th>
          <th>
            Latitude
          </th>
          <th>
            Longitude
          </th>
          <th
            style={
              Object {
                "width": "100px",
              }
            }
          >
            Actions
          </th>
        </tr>
      </thead>
      <tbody>
        <tr
          className="tr-rfp-target"
          id="trTarget_0"
          key="0"
          onClick={[Function]}
        >
          <td>
            <input
              className="form-control form-control-sm"
              id="inpTargetId_0"
              onChange={[Function]}
              type="text"
              value="1"
            />
          </td>
          <td>
            <input
              className="form-control form-control-sm"
              id="inpTargetLatitude_0"
              onChange={[Function]}
              type="text"
              value={47.58444322}
            />
          </td>
          <td>
            <input
              className="form-control form-control-sm"
              id="inpTargetLongitude_0"
              onChange={[Function]}
              type="text"
              value={-122.33033}
            />
          </td>
          <td>
            <button
              className="btn btn-sm btn-light"
              id="btnSaveTarget_0"
              onClick={[Function]}
            >
              <i
                className="fa fa-save"
              />
            </button>
            <button
              className="btn btn-sm btn-light"
              id="btnCancelEditTarget_0"
              onClick={[Function]}
            >
              Cancel
            </button>
          </td>
        </tr>
        <tr
          className="tr-rfp-target"
          id="trTarget_1"
          key="1"
          onClick={[Function]}
        >
          <td>
            2
          </td>
          <td>
            47.59
          </td>
          <td>
            -122.34
          </td>
          <td>
            <button
              className="btn btn-sm btn-light"
              id="btnEditTarget_1"
              onClick={[Function]}
            >
              <i
                className="fa fa-edit"
              />
            </button>
            <button
              className="btn btn-sm btn-danger"
              id="btnDeleteTarget_1"
              onClick={[Function]}
            >
              <i
                className="fa fa-trash-alt"
              />
            </button>
          </td>
        </tr>
        <tr
          className="tr-rfp-target"
          id="trTarget_2"
          key="2"
          onClick={[Function]}
        >
          <td>
            3
          </td>
          <td>
            47.57
          </td>
          <td>
            -122.32
          </td>
          <td>
            <button
              className="btn btn-sm btn-light"
              id="btnEditTarget_2"
              onClick={[Function]}
            >
              <i
                className="fa fa-edit"
              />
            </button>
            <button
              className="btn btn-sm btn-danger"
              id="btnDeleteTarget_2"
              onClick={[Function]}
            >
              <i
                className="fa fa-trash-alt"
              />
            </button>
          </td>
        </tr>
      </tbody>
    </table>
  </div>
  <Component />
</div>
`;

exports[`Disable existing target save button for duplicate target id 2`] = `
<div
  className="m-2 p-2"
  style={
    Object {
      "borderTop": "solid 2px #eee",
    }
  }
>
  <h4>
    Targets
    <div
      className="float-right"
    >
      <Component />
      <button
        className="btn btn-sm btn-light"
        id="btnAddTargetManual"
        onClick={[Function]}
      >
        <i
          className="fas fa-pencil-alt"
        />
         Manual entry
      </button>
      <button
        className="btn btn-sm btn-light"
        id="btnClickMapToAddTarget"
        onClick={[Function]}
      >
        <i
          className="fas fa-bullseye"
        />
         Click map
      </button>
    </div>
  </h4>
  <div
    style={
      Object {
        "maxHeight": "300px",
        "overflowX": "hidden",
        "overflowY": "auto",
      }
    }
  >
    <table
      className="table table-sm table-striped"
      id="tblRfpTargets"
    >
      <thead
        className="thead thead-light"
      >
        <tr>
          <th>
            ID
          </th>
          <th>
            Latitude
          </th>
          <th>
            Longitude
          </th>
          <th
            style={
              Object {
                "width": "100px",
              }
            }
          >
            Actions
          </th>
        </tr>
      </thead>
      <tbody>
        <tr
          className="tr-rfp-target"
          id="trTarget_0"
          key="0"
          onClick={[Function]}
        >
          <td>
            <input
              className="form-control form-control-sm"
              id="inpTargetId_0"
              onChange={[Function]}
              type="text"
              value="2"
            />
          </td>
          <td>
            <input
              className="form-control form-control-sm"
              id="inpTargetLatitude_0"
              onChange={[Function]}
              type="text"
              value={47.58444322}
            />
          </td>
          <td>
            <input
              className="form-control form-control-sm"
              id="inpTargetLongitude_0"
              onChange={[Function]}
              type="text"
              value={-122.33033}
            />
          </td>
          <td>
            <button
              className="btn btn-sm btn-light"
              disabled={true}
              id="btnSaveTarget_0"
              onClick={[Function]}
            >
              <i
                className="fa fa-save"
              />
            </button>
            <button
              className="btn btn-sm btn-light"
              id="btnCancelEditTarget_0"
              onClick={[Function]}
            >
              Cancel
            </button>
          </td>
        </tr>
        <tr
          className="tr-rfp-target"
          id="trTarget_1"
          key="1"
          onClick={[Function]}
        >
          <td>
            2
          </td>
          <td>
            47.59
          </td>
          <td>
            -122.34
          </td>
          <td>
            <button
              className="btn btn-sm btn-light"
              id="btnEditTarget_1"
              onClick={[Function]}
            >
              <i
                className="fa fa-edit"
              />
            </button>
            <button
              className="btn btn-sm btn-danger"
              id="btnDeleteTarget_1"
              onClick={[Function]}
            >
              <i
                className="fa fa-trash-alt"
              />
            </button>
          </td>
        </tr>
        <tr
          className="tr-rfp-target"
          id="trTarget_2"
          key="2"
          onClick={[Function]}
        >
          <td>
            3
          </td>
          <td>
            47.57
          </td>
          <td>
            -122.32
          </td>
          <td>
            <button
              className="btn btn-sm btn-light"
              id="btnEditTarget_2"
              onClick={[Function]}
            >
              <i
                className="fa fa-edit"
              />
            </button>
            <button
              className="btn btn-sm btn-danger"
              id="btnDeleteTarget_2"
              onClick={[Function]}
            >
              <i
                className="fa fa-trash-alt"
              />
            </button>
          </td>
        </tr>
      </tbody>
    </table>
  </div>
  <Component />
</div>
`;

exports[`Disable existing target save button for duplicate target id 3`] = `
<div
  className="m-2 p-2"
  style={
    Object {
      "borderTop": "solid 2px #eee",
    }
  }
>
  <h4>
    Targets
    <div
      className="float-right"
    >
      <Component />
      <button
        className="btn btn-sm btn-light"
        id="btnAddTargetManual"
        onClick={[Function]}
      >
        <i
          className="fas fa-pencil-alt"
        />
         Manual entry
      </button>
      <button
        className="btn btn-sm btn-light"
        id="btnClickMapToAddTarget"
        onClick={[Function]}
      >
        <i
          className="fas fa-bullseye"
        />
         Click map
      </button>
    </div>
  </h4>
  <div
    style={
      Object {
        "maxHeight": "300px",
        "overflowX": "hidden",
        "overflowY": "auto",
      }
    }
  >
    <table
      className="table table-sm table-striped"
      id="tblRfpTargets"
    >
      <thead
        className="thead thead-light"
      >
        <tr>
          <th>
            ID
          </th>
          <th>
            Latitude
          </th>
          <th>
            Longitude
          </th>
          <th
            style={
              Object {
                "width": "100px",
              }
            }
          >
            Actions
          </th>
        </tr>
      </thead>
      <tbody>
        <tr
          className="tr-rfp-target"
          id="trTarget_0"
          key="0"
          onClick={[Function]}
        >
          <td>
            <input
              className="form-control form-control-sm"
              id="inpTargetId_0"
              onChange={[Function]}
              type="text"
              value="5"
            />
          </td>
          <td>
            <input
              className="form-control form-control-sm"
              id="inpTargetLatitude_0"
              onChange={[Function]}
              type="text"
              value={47.58444322}
            />
          </td>
          <td>
            <input
              className="form-control form-control-sm"
              id="inpTargetLongitude_0"
              onChange={[Function]}
              type="text"
              value={-122.33033}
            />
          </td>
          <td>
            <button
              className="btn btn-sm btn-light"
              id="btnSaveTarget_0"
              onClick={[Function]}
            >
              <i
                className="fa fa-save"
              />
            </button>
            <button
              className="btn btn-sm btn-light"
              id="btnCancelEditTarget_0"
              onClick={[Function]}
            >
              Cancel
            </button>
          </td>
        </tr>
        <tr
          className="tr-rfp-target"
          id="trTarget_1"
          key="1"
          onClick={[Function]}
        >
          <td>
            2
          </td>
          <td>
            47.59
          </td>
          <td>
            -122.34
          </td>
          <td>
            <button
              className="btn btn-sm btn-light"
              id="btnEditTarget_1"
              onClick={[Function]}
            >
              <i
                className="fa fa-edit"
              />
            </button>
            <button
              className="btn btn-sm btn-danger"
              id="btnDeleteTarget_1"
              onClick={[Function]}
            >
              <i
                className="fa fa-trash-alt"
              />
            </button>
          </td>
        </tr>
        <tr
          className="tr-rfp-target"
          id="trTarget_2"
          key="2"
          onClick={[Function]}
        >
          <td>
            3
          </td>
          <td>
            47.57
          </td>
          <td>
            -122.32
          </td>
          <td>
            <button
              className="btn btn-sm btn-light"
              id="btnEditTarget_2"
              onClick={[Function]}
            >
              <i
                className="fa fa-edit"
              />
            </button>
            <button
              className="btn btn-sm btn-danger"
              id="btnDeleteTarget_2"
              onClick={[Function]}
            >
              <i
                className="fa fa-trash-alt"
              />
            </button>
          </td>
        </tr>
      </tbody>
    </table>
  </div>
  <Component />
</div>
`;

exports[`Disable new target save button for duplicate target id 1`] = `
<div
  className="m-2 p-2"
  style={
    Object {
      "borderTop": "solid 2px #eee",
    }
  }
>
  <h4>
    Targets
  </h4>
  <div
    style={
      Object {
        "maxHeight": "300px",
        "overflowX": "hidden",
        "overflowY": "auto",
      }
    }
  >
    <table
      className="table table-sm table-striped"
      id="tblRfpTargets"
    >
      <thead
        className="thead thead-light"
      >
        <tr>
          <th>
            ID
          </th>
          <th>
            Latitude
          </th>
          <th>
            Longitude
          </th>
          <th
            style={
              Object {
                "width": "100px",
              }
            }
          >
            Actions
          </th>
        </tr>
      </thead>
      <tbody>
        <tr
          className="tr-rfp-target"
          id="trTarget_0"
          key="0"
          onClick={[Function]}
        >
          <td>
            1
          </td>
          <td>
            47.58444
          </td>
          <td>
            -122.33033
          </td>
          <td>
            <button
              className="btn btn-sm btn-light"
              id="btnEditTarget_0"
              onClick={[Function]}
            >
              <i
                className="fa fa-edit"
              />
            </button>
            <button
              className="btn btn-sm btn-danger"
              id="btnDeleteTarget_0"
              onClick={[Function]}
            >
              <i
                className="fa fa-trash-alt"
              />
            </button>
          </td>
        </tr>
        <tr
          className="tr-rfp-target"
          id="trTarget_1"
          key="1"
          onClick={[Function]}
        >
          <td>
            2
          </td>
          <td>
            47.59
          </td>
          <td>
            -122.34
          </td>
          <td>
            <button
              className="btn btn-sm btn-light"
              id="btnEditTarget_1"
              onClick={[Function]}
            >
              <i
                className="fa fa-edit"
              />
            </button>
            <button
              className="btn btn-sm btn-danger"
              id="btnDeleteTarget_1"
              onClick={[Function]}
            >
              <i
                className="fa fa-trash-alt"
              />
            </button>
          </td>
        </tr>
        <tr
          className="tr-rfp-target"
          id="trTarget_2"
          key="2"
          onClick={[Function]}
        >
          <td>
            3
          </td>
          <td>
            47.57
          </td>
          <td>
            -122.32
          </td>
          <td>
            <button
              className="btn btn-sm btn-light"
              id="btnEditTarget_2"
              onClick={[Function]}
            >
              <i
                className="fa fa-edit"
              />
            </button>
            <button
              className="btn btn-sm btn-danger"
              id="btnDeleteTarget_2"
              onClick={[Function]}
            >
              <i
                className="fa fa-trash-alt"
              />
            </button>
          </td>
        </tr>
        <tr>
          <td>
            <input
              className="form-control"
              id="txtNewTargetId"
              onChange={[Function]}
              type="text"
              value="1"
            />
          </td>
          <td>
            <input
              className="form-control"
              onChange={[Function]}
              type="text"
              value={47.877}
            />
          </td>
          <td>
            <input
              className="form-control"
              onChange={[Function]}
              type="text"
              value={-122.235}
            />
          </td>
          <td>
            <button
              className="btn btn-sm btn-primary"
              disabled={true}
              id="btnSaveTarget"
              onClick={[Function]}
            >
              Save
            </button>
          </td>
        </tr>
      </tbody>
    </table>
  </div>
  <Component />
</div>
`;

exports[`Disable new target save button for duplicate target id 2`] = `
<div
  className="m-2 p-2"
  style={
    Object {
      "borderTop": "solid 2px #eee",
    }
  }
>
  <h4>
    Targets
  </h4>
  <div
    style={
      Object {
        "maxHeight": "300px",
        "overflowX": "hidden",
        "overflowY": "auto",
      }
    }
  >
    <table
      className="table table-sm table-striped"
      id="tblRfpTargets"
    >
      <thead
        className="thead thead-light"
      >
        <tr>
          <th>
            ID
          </th>
          <th>
            Latitude
          </th>
          <th>
            Longitude
          </th>
          <th
            style={
              Object {
                "width": "100px",
              }
            }
          >
            Actions
          </th>
        </tr>
      </thead>
      <tbody>
        <tr
          className="tr-rfp-target"
          id="trTarget_0"
          key="0"
          onClick={[Function]}
        >
          <td>
            1
          </td>
          <td>
            47.58444
          </td>
          <td>
            -122.33033
          </td>
          <td>
            <button
              className="btn btn-sm btn-light"
              id="btnEditTarget_0"
              onClick={[Function]}
            >
              <i
                className="fa fa-edit"
              />
            </button>
            <button
              className="btn btn-sm btn-danger"
              id="btnDeleteTarget_0"
              onClick={[Function]}
            >
              <i
                className="fa fa-trash-alt"
              />
            </button>
          </td>
        </tr>
        <tr
          className="tr-rfp-target"
          id="trTarget_1"
          key="1"
          onClick={[Function]}
        >
          <td>
            2
          </td>
          <td>
            47.59
          </td>
          <td>
            -122.34
          </td>
          <td>
            <button
              className="btn btn-sm btn-light"
              id="btnEditTarget_1"
              onClick={[Function]}
            >
              <i
                className="fa fa-edit"
              />
            </button>
            <button
              className="btn btn-sm btn-danger"
              id="btnDeleteTarget_1"
              onClick={[Function]}
            >
              <i
                className="fa fa-trash-alt"
              />
            </button>
          </td>
        </tr>
        <tr
          className="tr-rfp-target"
          id="trTarget_2"
          key="2"
          onClick={[Function]}
        >
          <td>
            3
          </td>
          <td>
            47.57
          </td>
          <td>
            -122.32
          </td>
          <td>
            <button
              className="btn btn-sm btn-light"
              id="btnEditTarget_2"
              onClick={[Function]}
            >
              <i
                className="fa fa-edit"
              />
            </button>
            <button
              className="btn btn-sm btn-danger"
              id="btnDeleteTarget_2"
              onClick={[Function]}
            >
              <i
                className="fa fa-trash-alt"
              />
            </button>
          </td>
        </tr>
        <tr>
          <td>
            <input
              className="form-control"
              id="txtNewTargetId"
              onChange={[Function]}
              type="text"
              value="4"
            />
          </td>
          <td>
            <input
              className="form-control"
              onChange={[Function]}
              type="text"
              value={47.877}
            />
          </td>
          <td>
            <input
              className="form-control"
              onChange={[Function]}
              type="text"
              value={-122.235}
            />
          </td>
          <td>
            <button
              className="btn btn-sm btn-primary"
              id="btnSaveTarget"
              onClick={[Function]}
            >
              Save
            </button>
          </td>
        </tr>
      </tbody>
    </table>
  </div>
  <Component />
</div>
`;

exports[`With no targets 1`] = `
<div
  className="m-2 p-2"
  style={
    Object {
      "borderTop": "solid 2px #eee",
    }
  }
>
  <h4>
    Targets
    <div
      className="float-right"
    >
      <Component />
      <button
        className="btn btn-sm btn-light"
        id="btnAddTargetManual"
        onClick={[Function]}
      >
        <i
          className="fas fa-pencil-alt"
        />
         Manual entry
      </button>
      <button
        className="btn btn-sm btn-light"
        id="btnClickMapToAddTarget"
        onClick={[Function]}
      >
        <i
          className="fas fa-bullseye"
        />
         Click map
      </button>
    </div>
  </h4>
  <div
    style={
      Object {
        "maxHeight": "300px",
        "overflowX": "hidden",
        "overflowY": "auto",
      }
    }
  >
    <table
      className="table table-sm table-striped"
      id="tblRfpTargets"
    >
      <thead
        className="thead thead-light"
      >
        <tr>
          <th>
            ID
          </th>
          <th>
            Latitude
          </th>
          <th>
            Longitude
          </th>
          <th
            style={
              Object {
                "width": "100px",
              }
            }
          >
            Actions
          </th>
        </tr>
      </thead>
      <tbody />
    </table>
  </div>
  <Component />
</div>
`;

exports[`With targets and one selection 1`] = `
<div
  className="m-2 p-2"
  style={
    Object {
      "borderTop": "solid 2px #eee",
    }
  }
>
  <h4>
    Targets
    <div
      className="float-right"
    >
      <Component />
      <button
        className="btn btn-sm btn-light"
        id="btnAddTargetManual"
        onClick={[Function]}
      >
        <i
          className="fas fa-pencil-alt"
        />
         Manual entry
      </button>
      <button
        className="btn btn-sm btn-light"
        id="btnClickMapToAddTarget"
        onClick={[Function]}
      >
        <i
          className="fas fa-bullseye"
        />
         Click map
      </button>
    </div>
  </h4>
  <div
    style={
      Object {
        "maxHeight": "300px",
        "overflowX": "hidden",
        "overflowY": "auto",
      }
    }
  >
    <table
      className="table table-sm table-striped"
      id="tblRfpTargets"
    >
      <thead
        className="thead thead-light"
      >
        <tr>
          <th>
            ID
          </th>
          <th>
            Latitude
          </th>
          <th>
            Longitude
          </th>
          <th
            style={
              Object {
                "width": "100px",
              }
            }
          >
            Actions
          </th>
        </tr>
      </thead>
      <tbody>
        <tr
          className="tr-rfp-target"
          id="trTarget_0"
          key="0"
          onClick={[Function]}
        >
          <td>
            1
          </td>
          <td>
            47.58444
          </td>
          <td>
            -122.33033
          </td>
          <td>
            <button
              className="btn btn-sm btn-light"
              id="btnEditTarget_0"
              onClick={[Function]}
            >
              <i
                className="fa fa-edit"
              />
            </button>
            <button
              className="btn btn-sm btn-danger"
              id="btnDeleteTarget_0"
              onClick={[Function]}
            >
              <i
                className="fa fa-trash-alt"
              />
            </button>
          </td>
        </tr>
        <tr
          className="tr-rfp-target selected-target-row "
          id="trTarget_1"
          key="1"
          onClick={[Function]}
        >
          <td>
            2
          </td>
          <td>
            47.59
          </td>
          <td>
            -122.34
          </td>
          <td>
            <button
              className="btn btn-sm btn-light"
              id="btnEditTarget_1"
              onClick={[Function]}
            >
              <i
                className="fa fa-edit"
              />
            </button>
            <button
              className="btn btn-sm btn-danger"
              id="btnDeleteTarget_1"
              onClick={[Function]}
            >
              <i
                className="fa fa-trash-alt"
              />
            </button>
          </td>
        </tr>
        <tr
          className="tr-rfp-target"
          id="trTarget_2"
          key="2"
          onClick={[Function]}
        >
          <td>
            3
          </td>
          <td>
            47.57
          </td>
          <td>
            -122.32
          </td>
          <td>
            <button
              className="btn btn-sm btn-light"
              id="btnEditTarget_2"
              onClick={[Function]}
            >
              <i
                className="fa fa-edit"
              />
            </button>
            <button
              className="btn btn-sm btn-danger"
              id="btnDeleteTarget_2"
              onClick={[Function]}
            >
              <i
                className="fa fa-trash-alt"
              />
            </button>
          </td>
        </tr>
      </tbody>
    </table>
  </div>
  <Component />
</div>
`;

exports[`With targets, no selection 1`] = `
<div
  className="m-2 p-2"
  style={
    Object {
      "borderTop": "solid 2px #eee",
    }
  }
>
  <h4>
    Targets
    <div
      className="float-right"
    >
      <Component />
      <button
        className="btn btn-sm btn-light"
        id="btnAddTargetManual"
        onClick={[Function]}
      >
        <i
          className="fas fa-pencil-alt"
        />
         Manual entry
      </button>
      <button
        className="btn btn-sm btn-light"
        id="btnClickMapToAddTarget"
        onClick={[Function]}
      >
        <i
          className="fas fa-bullseye"
        />
         Click map
      </button>
    </div>
  </h4>
  <div
    style={
      Object {
        "maxHeight": "300px",
        "overflowX": "hidden",
        "overflowY": "auto",
      }
    }
  >
    <table
      className="table table-sm table-striped"
      id="tblRfpTargets"
    >
      <thead
        className="thead thead-light"
      >
        <tr>
          <th>
            ID
          </th>
          <th>
            Latitude
          </th>
          <th>
            Longitude
          </th>
          <th
            style={
              Object {
                "width": "100px",
              }
            }
          >
            Actions
          </th>
        </tr>
      </thead>
      <tbody>
        <tr
          className="tr-rfp-target"
          id="trTarget_0"
          key="0"
          onClick={[Function]}
        >
          <td>
            1
          </td>
          <td>
            47.58444
          </td>
          <td>
            -122.33033
          </td>
          <td>
            <button
              className="btn btn-sm btn-light"
              id="btnEditTarget_0"
              onClick={[Function]}
            >
              <i
                className="fa fa-edit"
              />
            </button>
            <button
              className="btn btn-sm btn-danger"
              id="btnDeleteTarget_0"
              onClick={[Function]}
            >
              <i
                className="fa fa-trash-alt"
              />
            </button>
          </td>
        </tr>
        <tr
          className="tr-rfp-target"
          id="trTarget_1"
          key="1"
          onClick={[Function]}
        >
          <td>
            2
          </td>
          <td>
            47.59
          </td>
          <td>
            -122.34
          </td>
          <td>
            <button
              className="btn btn-sm btn-light"
              id="btnEditTarget_1"
              onClick={[Function]}
            >
              <i
                className="fa fa-edit"
              />
            </button>
            <button
              className="btn btn-sm btn-danger"
              id="btnDeleteTarget_1"
              onClick={[Function]}
            >
              <i
                className="fa fa-trash-alt"
              />
            </button>
          </td>
        </tr>
        <tr
          className="tr-rfp-target"
          id="trTarget_2"
          key="2"
          onClick={[Function]}
        >
          <td>
            3
          </td>
          <td>
            47.57
          </td>
          <td>
            -122.32
          </td>
          <td>
            <button
              className="btn btn-sm btn-light"
              id="btnEditTarget_2"
              onClick={[Function]}
            >
              <i
                className="fa fa-edit"
              />
            </button>
            <button
              className="btn btn-sm btn-danger"
              id="btnDeleteTarget_2"
              onClick={[Function]}
            >
              <i
                className="fa fa-trash-alt"
              />
            </button>
          </td>
        </tr>
      </tbody>
    </table>
  </div>
  <Component />
</div>
`;
