// Jest Snapshot v1, https://goo.gl/fbAQLP

exports[`Default component render and click edit one report 1`] = `
<div
  id="divReportsList"
>
  <table
    className="table table-sm table-striped"
  >
    <tbody>
      <tr
        key="1"
      >
        <td>
          GENERAL
        </td>
        <td>
          plan_report
        </td>
        <td>
          <button
            className="btn btn-primary"
            id="btnEditReport1"
            onClick={[Function]}
          >
            Edit
          </button>
        </td>
      </tr>
      <tr
        key="2"
      >
        <td>
          GENERAL
        </td>
        <td>
          Planned Equipment Elements
        </td>
        <td>
          <button
            className="btn btn-primary"
            id="btnEditReport2"
            onClick={[Function]}
          >
            Edit
          </button>
        </td>
      </tr>
      <tr
        key="3"
      >
        <td>
          GENERAL
        </td>
        <td>
          Planned Fiber Elements
        </td>
        <td>
          <button
            className="btn btn-primary"
            id="btnEditReport3"
            onClick={[Function]}
          >
            Edit
          </button>
        </td>
      </tr>
    </tbody>
  </table>
</div>
`;

exports[`Default component render and click edit one report 2`] = `
<div
  id="divReportsList"
>
  <table
    className="table table-sm table-striped"
  >
    <tbody>
      <tr
        key="1"
      >
        <td>
          GENERAL
        </td>
        <td>
          plan_report
        </td>
        <td>
          <button
            className="btn btn-primary"
            id="btnEditReport1"
            onClick={[Function]}
          >
            Edit
          </button>
        </td>
      </tr>
      <tr
        key="2"
      >
        <td>
          GENERAL
        </td>
        <td>
          Planned Equipment Elements
        </td>
        <td>
          <button
            className="btn btn-primary"
            id="btnEditReport2"
            onClick={[Function]}
          >
            Edit
          </button>
        </td>
      </tr>
      <tr
        key="3"
      >
        <td>
          GENERAL
        </td>
        <td>
          Planned Fiber Elements
        </td>
        <td>
          <button
            className="btn btn-primary"
            id="btnEditReport3"
            onClick={[Function]}
          >
            Edit
          </button>
        </td>
      </tr>
    </tbody>
  </table>
</div>
`;

exports[`Edit a report 1`] = `
<Connect(ReportDefinitionEditor)
  id="comReportDefinitionEditor"
/>
`;
