// Jest Snapshot v1, https://goo.gl/fbAQLP

exports[`Default component render 1`] = `
<div
  id="divConfigurationForm"
>
  <form>
    <div
      className="form-group row"
    >
      <label
        className="col-sm-4 col-form-label"
      >
        Configuration Type
      </label>
      <div
        className="col-sm-8"
      >
        <select
          className="form-control"
          id="selectConfigurationType"
          onChange={[Function]}
          value="locationCategories"
        >
          <option
            value="locationCategories"
          >
            locationCategories
          </option>
        </select>
      </div>
    </div>
    <div
      className="form-group row"
    >
      <label
        className="col-sm-4 col-form-label"
      >
        Value
      </label>
      <div
        className="col-sm-8"
      >
        <textarea
          className="form-control"
          onChange={[Function]}
          style={
            Object {
              "height": "350px",
            }
          }
          value="{
  \\"medium_business\\": {
    \\"label\\": \\"Medium businesses\\"
  }
}"
        />
      </div>
    </div>
  </form>
  <button
    className="btn btn-primary float-right"
    onClick={[Function]}
  >
    <i
      className="fa fa-save"
    />
    Save settings
  </button>
</div>
`;
